80 23
                                     ┃   ╵   ┃                                  
                                     ┃   ╵   ┃                                  
                                     ┃   ╵   ┃                                  
            ┏━━━┓                    ┃   ╵   ┃       ┏━━━┓                      
━━━━━━━━━━━━┛XXX┗━━━━━━━━━━━━━━━━━━━━┛       ┗◉◉◉━━━━┛XXX┗━━━━━━━━━━━━━━━━━━━━━━
                                                                                
╴╴╴╴╴╴╴╴╴╴╴╴╴╴╴╴╴╴╴╴╴╴╴╴╴╴╴╴╴╴╴╴╴╴╴╴╴╴╴╴╴╴╴╴╴╴╴╴╴╴╴╴╴╴╴╴╴╴╴╴╴╴╴╴╴╴╴╴╴╴╴╴╴╴╴╴╴╴╴╴
                                                                                
━━━━━━━━━━━━━━━━━━━━━━━━━━━━━   ━━━━━━━━━━   ━◉◉◉━━━━━━━━━━━━━━━━━━━━━━━━━━━━━━━
                                                                                
────────────────────────────────────────────────────────────────────────────────
                                                                                
────────────────────────────────────────────────────────────────────────────────
                                                                                
━━━━━━━━━━━━━━━━━━━━━━━━━◉◉◉━   ━━━━━━━━━━   ━━━━━━━━━━━━━━━━━━━━━━━━━━━━━━━━━━━
                                                                                
╴╴╴╴╴╴╴╴╴╴╴╴╴╴╴╴╴╴╴╴╴╴╴╴╴╴╴╴╴╴╴╴╴╴╴╴╴╴╴╴╴╴╴╴╴╴╴╴╴╴╴╴╴╴╴╴╴╴╴╴╴╴╴╴╴╴╴╴╴╴╴╴╴╴╴╴╴╴╴╴
                                                                                
━━━━━━━━━━━━━━━━━━━━━━━━━◉◉◉┓       ┏━━━━━━━━━┓XXX┏━━━━━━━━━━━┓XXX┏━━━━━━━━━━━━━
                            ┃   ╵   ◉◉◉       ┗━━━┛           ┗━━━┛             
                            ┃   ╵   ┃                                           
                            ┃   ╵   ┃                                           
                            ┃   ╵   ┃                                           
