80 23
                                     ┃   ╵   ┃                                  
                                     ┃   ╵   ┃                                  
           ┏━━━━┓                    ┃   ╵   ┃                                  
           ┃XXXX┃                    ┃   ╵   ┃                                  
━━━━━━━━━━━┹────┺━━━━━━━━━━━━━━━━━━━━┛       ┗◉◉◉━━━━━━━━━━━━━━━━━━━━━━━━━━━━━━━
                                                                                
╴╴╴╴╴╴╴╴╴╴╴╴╴╴╴╴╴╴╴╴╴╴╴╴╴╴╴╴╴╴╴╴╴╴╴╴╴╴╴╴╴╴╴╴╴╴╴╴╴╴╴╴╴╴╴╴╴╴╴╴╴╴╴╴╴╴╴╴╴╴╴╴╴╴╴╴╴╴╴╴
                                                                                
━━━━━━━━━━━━━━━━━━━━━━━━━━━━━   ━━━━━━━━━━   ━◉◉◉━━━━━━━━━━━━━━━━━━━━━━━━━━━━━━━
                                                                                
────────────────────────────────────────────────────────────────────────────────
                                                                                
────────────────────────────────────────────────────────────────────────────────
                                                                                
━━━━━━━━━━━━━━━━━━━━━━━━━◉◉◉━   ━━━━━━━━━━   ━━━━━━━━━━━━━━━━━━━━━━━━━━━━━━━━━━━
                                                                                
╴╴╴╴╴╴╴╴╴╴╴╴╴╴╴╴╴╴╴╴╴╴╴╴╴╴╴╴╴╴╴╴╴╴╴╴╴╴╴╴╴╴╴╴╴╴╴╴╴╴╴╴╴╴╴╴╴╴╴╴╴╴╴╴╴╴╴╴╴╴╴╴╴╴╴╴╴╴╴╴
                                                                                
━━━━━━━━━━━━━━━━━━━━━━━━━◯◯◯┓       ┏━━━━━━━━━━━━━━━━━━━━━━━━━━━━━━━━━━━━━━━━━━━
                            ┃   ╵   ◯◯◯                                         
                            ┃   ╵   ┃                                           
                            ┃   ╵   ┃                                           
                            ┃   ╵   ┃                                           
